/usr/src/app$ cd code-user
/usr/src/app/code-user$ git status
On branch main
Untracked files:
  (use "git add <file>..." to include in what will be committed)
        index.html
        todo.md

nothing added to commit but untracked files present (use "git add" to track)
/usr/src/app/code-user$ git add index.html
/usr/src/app/code-user$ git add todo.md
/usr/src/app/code-user$ git commit --amend
[main 470481d] add hexlet.txt
 Date: Wed Oct 21 15:56:35 2020 +0700
 3 files changed, 4 insertions(+)
 create mode 100644 hexlet.txt
 create mode 100644 index.html
 create mode 100644 todo.md
/usr/src/app/code-user$ git status
On branch main
nothing to commit, working tree clean
/usr/src/app/code-user$