/usr/src/app$ cd code-user
/usr/src/app/code-user$ git add .gitignore
/usr/src/app/code-user$ git status
On branch main
Changes to be committed:
  (use "git restore --staged <file>..." to unstage)
        new file:   .gitignore

Changes not staged for commit:
  (use "git add <file>..." to update what will be committed)
  (use "git restore <file>..." to discard changes in working directory)
        modified:   notes.txt

/usr/src/app/code-user$ git rm notes.txt --cached
rm 'notes.txt'
/usr/src/app/code-user$ git commit -m "123"
[main d525cd3] 123
 2 files changed, 4 insertions(+), 3 deletions(-)
 create mode 100644 .gitignore
 delete mode 100644 notes.txt